// Jest Snapshot v1, https://goo.gl/fbAQLP

exports[`init state 1`] = `
Array [
  "foundation0",
  "foundation1",
  "foundation2",
  "foundation3",
  "foundation4",
  "foundation5",
  "foundation6",
  "foundation7",
  "tableau0",
  "tableau1",
  "tableau2",
  "tableau3",
  "tableau4",
  "tableau5",
  "tableau6",
  "tableau7",
  "tableau8",
  "tableau9",
  "stock",
  "hasWon",
  "tableauPilesKeys",
  "foundationPilesKeys",
]
`;
